// Jest Snapshot v1, https://goo.gl/fbAQLP

exports[`OpenResponsesSettings should render 1`] = `
<AppSettingsModal
  appId="open_responses"
  enableAppHelp="Flexible peer grading for all open response assessments in the course."
  enableAppLabel="Flex Peer Grading"
  learnMoreText="Learn more about flexible peer grading"
  onClose={[MockFunction onClose]}
  title="Configure open response assessment"
/>
`;
